
Output file            : MINK_m02.out
Estimation method      : exact maximum likelihood
Check for invertibility: constrained search

Observations: 62.
Parameters  : 5.

**** GRADIENT STOPPING CRITERIUM SATISFIED TO WITHIN TOLERANCE LIMITS
**** CONVERGENCE OBTAINED AFTER 17 ITERATIONS [GRADIENT NORM = 0.0000]

Coefficients for regular AR factor 1:
      0.802198  (0.121436) [ 1]
     -0.213097  (0.161305) [ 2]
      0.002943  (0.160278) [ 3]
     -0.269304  (0.137147) [ 4]
Mean parameter (mu):
   1082.094484  (5.060696) [ 5]

Box-Cox lambda     :  0.0
Seasonal period    :  1
Regular differences:  0
Annual differences :  0

Coefficients of the Autoregressive operator: 
  phi[ 1]   =    0.8021981161
  phi[ 2]   =   -0.2130969564
  phi[ 3]   =    0.0029434355
  phi[ 4]   =   -0.2693040935
Coefficients of the Moving-Average operator: 

sigma2: 677.1392465646 ( 121.6177988934)
sigma :  26.0218993650
logelf: -290.7418754187

Selection Model Criterium:
Hannan-Quinn =   6.75
Schwarz   =   7.18

Standard errors: fdhess

Estimated covariance matrix:

x[ 1] ->  0.014746691
x[ 2] -> -0.012594926  0.026019451
x[ 3] ->  0.002920466 -0.015458816  0.025688899
x[ 4] ->  0.003291982  0.002880246 -0.012636076  0.018809195
x[ 5] ->  0.010430854 -0.011004933  0.003465772 -0.101500135 25.610640453


Estimated correlation matrix:

x[ 1] ->  1.00
x[ 2] -> -0.64  1.00
x[ 3] ->  0.15 -0.60  1.00
x[ 4] ->  0.20  0.13 -0.57  1.00
x[ 5] ->  0.02 -0.01  0.00 -0.15  1.00

Correlations greater than or equal to 0.7 in absolute value:


Unconditional residuals (seasonal period: 1)
62 observations: from 1850 to 1911

                  Mean:          -0.382985
Standard error of mean:           3.264251
              Variance:         660.630593
    Standard deviation:          25.702735
              Skewness:          -0.384866
              Kurtosis:           0.707411
           Jarque-Bera:           2.732293
               Minimum:         -81.998327 at 1870 (observation  21)
               Maximum:          66.130948 at 1885 (observation  36)

Standardized time series plot (original values on right-side column):

              -3      -2      -1       0      +1      +2      +3  
-------------+-+-------+-------+-------+-------+-------+-------+-+--------------
   1   1850  |         :      *:       |       :       :         | -30.8693133957
   2   1851  |         :     * :       |       :       :         | -33.2679634465
   3   1852  |         :       :      *|       :       :         | -5.2032185819
   4   1853  |         :     * :       |       :       :         | -32.3346014058
   5   1854  |         :       :       |  *    :       :         |  9.7534287028
   6   1855  |         :       :*      |       :       :         | -22.7464951774
   7   1856  |         :       :      *|       :       :         | -2.7237004160
   8   1857  |         :       :   *   |       :       :         | -13.4593381632
   9   1858  |         :       :       |       *       :         | 24.8812777278
  10   1859  |         :       :     * |       :       :         | -5.4280504121
  11   1860  |         :       :  *    |       :       :         | -15.5574602514
  12   1861  |         :       *       |       :       :         | -27.9834108107
  13   1862  |         :       :       |       :     * :         | 45.8390762747
  14   1863  |         :       :  *    |       :       :         | -15.8199026441
  15   1864  |         :       :       |       :*      :         | 28.2222424915
  16   1865  |         :       :   *   |       :       :         | -13.7258222049
  17   1866  |         :       :     * |       :       :         | -8.1498064452
  18   1867  |         :       :       |   *   :       :         | 13.7910554016
  19   1868  |         :       :       |       : *     :         | 32.2306573783
  20   1869  |         :       :       |    *  :       :         | 16.9793381322
  21   1870 @|*        :       :       |       :       :         |@-81.9983265945
  22   1871  |         :       :       |    *  :       :         | 15.1440505241
  23   1872  |         :       :       |  *    :       :         |  9.3001046562
  24   1873  |         :       :       |  *    :       :         |  9.5276391403
  25   1874  |         :       :       | *     :       :         |  6.8670863386
  26   1875  |         :       :       | *     :       :         |  7.2375541338
  27   1876  |         :       :       |   *   :       :         | 13.9404513745
  28   1877  |         :       :       |   *   :       :         | 13.6297205987
  29   1878  |         :       :       |       :*      :         | 30.1336384050
  30   1879  |         :       :       *       :       :         |  0.0792561539
  31   1880  |         :      *:       |       :       :         | -30.1831899340
  32   1881  |         :       :       |   *   :       :         | 12.9329013908
  33   1882  |         :       :       |      *:       :         | 23.1327522428
  34   1883  |         :       :       |*      :       :         |  1.4446336690
  35   1884  |         :       :      *|       :       :         | -2.9171834307
  36   1885 @|         :       :       |       :       :   *     |@66.1309483106
  37   1886  |         :       :*      |       :       :         | -22.9082520739
  38   1887  |         :       :       | *     :       :         |  6.5321035462
  39   1888  |         :       :       |       :    *  :         | 40.4833868149
  40   1889  |         :     * :       |       :       :         | -34.5492321819
  41   1890  |         :       :       |*      :       :         |  3.9785235493
  42   1891  |         :       :*      |       :       :         | -22.9379582087
  43   1892  |         :       :       |       : *     :         | 31.8515947923
  44   1893  |         :       :       |   *   :       :         | 11.8737293777
  45   1894  |         :       :*      |       :       :         | -23.3333249948
  46   1895  |         :       :    *  |       :       :         | -9.7920643604
  47   1896  |         :       :       |       :*      :         | 27.6325577048
  48   1897  |         :       :       |     * :       :         | 19.6296703719
  49   1898  |         :       :       |  *    :       :         |  7.8424319488
  50   1899  |         :    *  :       |       :       :         | -35.7471693247
  51   1900  |         :       :       |      *:       :         | 22.1479915965
  52   1901  |         :       :       |  *    :       :         |  9.6827437416
  53   1902  |         :       :       |       *       :         | 25.1764146646
  54   1903  |         :       :       |   *   :       :         | 11.4063862278
  55   1904  |         :       :   *   |       :       :         | -13.3029051536
  56   1905  |         :       :       |  *    :       :         |  8.9258679489
  57   1906  |         :       :       |    *  :       :         | 14.7957582582
  58   1907  |         :      *:       |       :       :         | -29.1023746576
  59   1908 @|       * :       :       |       :       :         |@-58.4564968788
  60   1909  |         :    *  :       |       :       :         | -37.6717410811
  61   1910  |         :       :   *   |       :       :         | -13.4942936843
  62   1911  |         :       :      *|       :       :         | -3.2384444447
-------------+-+-------+-------+-------+-------+-------+-------+-+--------------
              -3      -2      -1       0      +1      +2      +3  

                 +------------------------------------------+
                 |       Table of standardized values       |
                 |       greater than or equal to 2.0       |
                 +------------------------------------------+
                 |                                          |
                 | Observation    Date   Standardized value |
                 |                                          |
                 |     21         1870         -3.18        |
                 |     36         1885          2.59        |
                 |     59         1908         -2.26        |
                 +------------------------------------------+

Standardized time series histogram:

       -4      -3      -2      -1       0      +1      +2      +3      +4
        +---+---+---+---+---+---+---+---+---+---+---+---+---+---+---+---+
        |                                 14                            |
        |                                ....                           |
        |                                .... 12                        |
        |                                ........                       |
        |                         10     ........                       |
        |                      9 ....    ........                       |
        |                    ........    ........                       |
        |                    ........    ........                       |
        |                    ........  7 ........                       |
        |                    ....................                       |
        |                    ....................  5                    |
        |                    ........................                   |
        |                    ........................                   |
        |                    ........................  2                |
        |      1       1     ............................      1        |
        |    ....    ....    ............................    ....       |
        |    ....    ....    ............................    ....       |
        +---+---+---+---+---+---+---+---+---+---+---+---+---+---+---+---+
       -4      -3      -2      -1       0      +1      +2      +3      +4

              19 values outside (-1,+1): 30.65 % (31.74 % expected)
               3 values outside (-2,+2):  4.84 % ( 4.56 % expected)

Autocorrelation function (acf bands = +- 0.254):

            -1                         0                         1  L-B Q  DF
-------------+-------------------------+-------------------------+--------------
   1  -0.053 |                   :    *|     :                   | 
   2  -0.052 |                   :    *|     :                   | 
   3  -0.011 |                   :     |     :                   | 
   4   0.138 |                   :     |***  :                   | 
   5   0.094 |                   :     |**   :                   | 
   6  -0.076 |                   :   **|     :                   | 
   7  -0.071 |                   :   **|     :                   | 
   8  -0.131 |                   :  ***|     :                   | 
   9   0.112 |                   :     |***  :                   |   5.28   5
-------------+-------------------------+-------------------------+--------------
            -1                         0                         1  L-B Q  DF

Partial autocorrelation function (pacf bands = +- 0.254):

            -1                         0                         1
-------------+-------------------------+-------------------------+--------------
   1  -0.053 |                   :    *|     :                   | 
   2  -0.054 |                   :    *|     :                   | 
   3  -0.017 |                   :     |     :                   | 
   4   0.134 |                   :     |***  :                   | 
   5   0.111 |                   :     |***  :                   | 
   6  -0.052 |                   :    *|     :                   | 
   7  -0.070 |                   :   **|     :                   | 
   8  -0.171 |                   : ****|     :                   | 
   9   0.061 |                   :     |**   :                   | 
-------------+-------------------------+-------------------------+--------------
            -1                         0                         1

      +------------------------------------------------------+
      |         Calibration of distortions of the ACF        |
      |                                                      |
      +------------------------------------------------------+
      |                                                      |
      |     Lag                 Dates          Contribution  |
      |                                                      |
      |  r(1) = -0.053        1885 - 1886         -0.037    |
      |                       1869 - 1870         -0.035    |
      |                       1888 - 1889         -0.034    |
      |                       1861 - 1862         -0.031    |
      |                                                      |
      |  r(2) = -0.052        1868 - 1870         -0.065    |
      |                       1886 - 1888         -0.022    |
      |                       1878 - 1880         -0.022    |
      |                       1906 - 1908         -0.022    |
      |                                                      |
      |  r(3) = -0.011        1867 - 1870         -0.028    |
      |                       1889 - 1892         -0.027    |
      |                       1896 - 1899         -0.024    |
      |                       1888 - 1891         -0.023    |
      |                                                      |
      |  r(4) = 0.138        1888 - 1892           0.032    |
      |                      1858 - 1862           0.029    |
      |                      1864 - 1868           0.023    |
      |                      1892 - 1896           0.022    |
      |                                                      |
      |  r(5) = 0.094        1865 - 1870           0.027    |
      |                      1894 - 1899           0.020    |
      |                      1889 - 1894           0.019    |
      |                      1850 - 1855           0.017    |
      |                                                      |
      |  r(6) = -0.076        1864 - 1870         -0.057    |
      |                       1885 - 1891         -0.037    |
      |                       1902 - 1908         -0.036    |
      |                       1870 - 1876         -0.029    |
      |                                                      |
      |  r(7) = -0.071        1870 - 1877         -0.028    |
      |                       1892 - 1899         -0.028    |
      |                       1855 - 1862         -0.025    |
      |                       1889 - 1896         -0.023    |
      |                                                      |
      |  r(8) = -0.131        1862 - 1870         -0.092    |
      |                       1870 - 1878         -0.061    |
      |                       1900 - 1908         -0.032    |
      |                       1880 - 1888         -0.030    |
      |                                                      |
      |  r(9) = 0.112        1861 - 1870           0.055    |
      |                      1899 - 1908           0.050    |
      |                      1880 - 1889           0.025    |
      |                      1876 - 1885           0.023    |
      |                                                      |
      +------------------------------------------------------+
