
Output file            : MUSKRAT_m03.out
Estimation method      : exact maximum likelihood
Check for invertibility: constrained search

Observations: 62.
Parameters  : 7.

**** GRADIENT STOPPING CRITERIUM SATISFIED TO WITHIN TOLERANCE LIMITS
**** CONVERGENCE OBTAINED AFTER 15 ITERATIONS [GRADIENT NORM = 0.0000]

Coefficients for regular AR factor 1:
      0.652159  (0.188887) [ 1]
     -0.583270  (0.151163) [ 2]
      0.217764  (0.171581) [ 3]
     -0.307973  (0.167590) [ 4]
     -0.039512  (0.156772) [ 5]
     -0.318768  (0.147426) [ 6]
Coefficients for regular MA factor 1:
      0.545376  (0.171576) [ 7]
Mean parameter (mu):
      0.000000

Box-Cox lambda     :  0.0
Seasonal period    :  1
Regular differences:  1
Annual differences :  0

Coefficients of the non-stationary operator: 
  u[ 1]     =    1.0000000000
Coefficients of the Autoregressive operator: 
  phi[ 1]   =    0.6521585711
  phi[ 2]   =   -0.5832704025
  phi[ 3]   =    0.2177639245
  phi[ 4]   =   -0.3079728857
  phi[ 5]   =   -0.0395117711
  phi[ 6]   =   -0.3187681646
Coefficients of the Moving-Average operator: 
  theta[ 1] =    0.5453761139

sigma2: 831.1135419235 ( 150.4909691282)
sigma :  28.8290399064
logelf: -292.7913181075

Selection Model Criterium:
Hannan-Quinn =   7.09
Schwarz   =   7.80

Standard errors: fdhess

Estimated covariance matrix:

x[ 1] ->  0.035678429
x[ 2] -> -0.015842255  0.022850149
x[ 3] ->  0.016495262 -0.018573114  0.029440189
x[ 4] -> -0.000479762  0.009915966 -0.017752276  0.028086313
x[ 5] ->  0.004737186 -0.006850222  0.011239480 -0.017856242  0.024577392
x[ 6] ->  0.013766657 -0.000713098  0.001023351  0.008899456 -0.011045113  0.021734477
x[ 7] ->  0.024756579 -0.006046155  0.009529780  0.002133907  0.002194224  0.011235703  0.029438368


Estimated correlation matrix:

x[ 1] ->  1.00
x[ 2] -> -0.55  1.00
x[ 3] ->  0.51 -0.72  1.00
x[ 4] -> -0.02  0.39 -0.62  1.00
x[ 5] ->  0.16 -0.29  0.42 -0.68  1.00
x[ 6] ->  0.49 -0.03  0.04  0.36 -0.48  1.00
x[ 7] ->  0.76 -0.23  0.32  0.07  0.08  0.44  1.00

Correlations greater than or equal to 0.7 in absolute value:

corr[ 3][ 2] = -0.72
corr[ 7][ 1] =  0.76

Unconditional residuals (seasonal period: 1)
61 observations: from 1851 to 1911

                  Mean:           5.180994
Standard error of mean:           3.596399
              Variance:         788.979355
    Standard deviation:          28.088776
              Skewness:          -0.556679
              Kurtosis:           0.944093
           Jarque-Bera:           5.327194
               Minimum:         -87.882123 at 1908 (observation  58)
               Maximum:          61.977438 at 1902 (observation  52)

Standardized time series plot (original values on right-side column):

               -3      -2     -1       0      +1     +2      +3   
-------------+--+-------+------+-------+-------+------+-------+--+--------------
   1   1851  |          :      :     * |       :      :          | -2.6713097763
   2   1852  |          :      :       |  *    :      :          | 17.4533862914
   3   1853  |          :      :       |      *:      :          | 31.5587734258
   4   1854  |          :      :      *|       :      :          |  2.0418098782
   5   1855  |          :      : *     |       :      :          | -17.4240040168
   6   1856  |          :      :   *   |       :      :          | -10.8997032491
   7   1857  |          :      :       |     * :      :          | 25.7510424466
   8   1858  |          :      :       |  *    :      :          | 15.4397808583
   9   1859  |          :      :       *       :      :          |  5.1673092168
  10   1860  |          :     *:       |       :      :          | -30.1235289197
  11   1861  |          :      :      *|       :      :          |  0.1790138254
  12   1862  |          :      :       |  *    :      :          | 15.0848221172
  13   1863  |          :      :     * |       :      :          | -2.0401300679
  14   1864  |          :      :       |       :  *   :          | 44.7941691962
  15   1865  |          :     *:       |       :      :          | -28.9864636858
  16   1866  |          :      :    *  |       :      :          | -5.9567688346
  17   1867  |          :      :       |     * :      :          | 28.4801628351
  18   1868  |          :      :       |       :    * :          | 55.2790181930
  19   1869  |          :      :*      |       :      :          | -21.0436659555
  20   1870  |          :      : *     |       :      :          | -18.6052999157
  21   1871  |          :      :       |       :     *:          | 57.5530187750
  22   1872  |          :      :       |  *    :      :          | 17.2774845168
  23   1873  |          :      :       |       *      :          | 34.2295039090
  24   1874  |          :      :       *       :      :          |  6.7490054202
  25   1875  |          :      :  *    |       :      :          | -13.3630387352
  26   1876  |          :      :       |*      :      :          |  9.2015257571
  27   1877  |          :      : *     |       :      :          | -17.3544373215
  28   1878  |          :      :       |       : *    :          | 42.6190495895
  29   1879  |          :      :    *  |       :      :          | -5.5322945556
  30   1880  |          :      :      *|       :      :          |  1.2877769082
  31   1881  |          :      :       |       : *    :          | 41.5491067260
  32   1882  |          :      :       | *     :      :          | 10.7648754621
  33   1883  |          :      :       |   *   :      :          | 20.7126415274
  34   1884  |          :      :       | *     :      :          | 12.8661630456
  35   1885  |          :      :    *  |       :      :          | -6.8451818329
  36   1886 @|       *  :      :       |       :      :          |@-63.6141304667
  37   1887  |          :      :       |      *:      :          | 33.0971597340
  38   1888  |          :   *  :       |       :      :          | -33.9746571792
  39   1889  |          :  *   :       |       :      :          | -38.9726654710
  40   1890  |          :      :       |*      :      :          |  8.7839584234
  41   1891  |          :      :       *       :      :          |  6.1487310573
  42   1892  |          :      :      *|       :      :          |  0.2327461214
  43   1893  |          :      :       |*      :      :          |  7.8477651233
  44   1894  |          :     *:       |       :      :          | -28.3346656035
  45   1895  |          :      :       |   *   :      :          | 19.0354193043
  46   1896  |          :      :       |     * :      :          | 26.2767157205
  47   1897  |          :      :     * |       :      :          | -2.0190655657
  48   1898  |          :      :       |       :*     :          | 37.4071115535
  49   1899  |          :      :       |  *    :      :          | 17.1440437699
  50   1900  |          :      :       |*      :      :          |  9.2131884866
  51   1901  |          :      :       |   *   :      :          | 19.7143545817
  52   1902 @|          :      :       |       :      *          |@61.9774381606
  53   1903  |          :      :   *   |       :      :          | -10.7415008823
  54   1904  |          :      :  *    |       :      :          | -12.7263482177
  55   1905  |          :      :       |      *:      :          | 31.7678769953
  56   1906  |          :   *  :       |       :      :          | -37.3925655724
  57   1907  |          :      *       |       :      :          | -23.2187270542
  58   1908 @|*         :      :       |       :      :          |@-87.8821232824
  59   1909  |          :      :       |       : *    :          | 41.1703911522
  60   1910  |          :      :       |*      :      :          | 10.5676718785
  61   1911  |          :      :       |*      :      :          |  9.3388696170
-------------+--+-------+------+-------+-------+------+-------+--+--------------
               -3      -2     -1       0      +1     +2      +3   

                 +------------------------------------------+
                 |       Table of standardized values       |
                 |       greater than or equal to 2.0       |
                 +------------------------------------------+
                 |                                          |
                 | Observation    Date   Standardized value |
                 |                                          |
                 |     36         1886         -2.45        |
                 |     52         1902          2.02        |
                 |     58         1908         -3.31        |
                 +------------------------------------------+

Standardized time series histogram:

       -4      -3      -2      -1       0      +1      +2      +3      +4
        +---+---+---+---+---+---+---+---+---+---+---+---+---+---+---+---+
        |                                 16                            |
        |                                ....                           |
        |                                ....                           |
        |                                ....                           |
        |                                ....                           |
        |                             11 ....                           |
        |                            ........                           |
        |                            ........                           |
        |                          8 ........  8                        |
        |                        ................                       |
        |                        ................  6                    |
        |                      5 ....................                   |
        |                    ........................                   |
        |                    ........................                   |
        |                  2 ........................  2                |
        |      1       1 ................................  1            |
        |    ....    ........................................           |
        +---+---+---+---+---+---+---+---+---+---+---+---+---+---+---+---+
       -4      -3      -2      -1       0      +1      +2      +3      +4

              18 values outside (-1,+1): 29.51 % (31.74 % expected)
               3 values outside (-2,+2):  4.92 % ( 4.56 % expected)

Autocorrelation function (acf bands = +- 0.256):

            -1                         0                         1  L-B Q  DF
-------------+-------------------------+-------------------------+--------------
   1  -0.071 |                   :   **|     :                   | 
   2  -0.066 |                   :   **|     :                   | 
   3   0.044 |                   :     |*    :                   | 
   4   0.049 |                   :     |*    :                   | 
   5   0.027 |                   :     |*    :                   | 
   6  -0.124 |                   :  ***|     :                   | 
   7  -0.052 |                   :    *|     :                   | 
   8  -0.224 |                   ******|     :                   | 
   9   0.068 |                   :     |**   :                   |   6.20   2
-------------+-------------------------+-------------------------+--------------
            -1                         0                         1  L-B Q  DF

Partial autocorrelation function (pacf bands = +- 0.256):

            -1                         0                         1
-------------+-------------------------+-------------------------+--------------
   1  -0.071 |                   :   **|     :                   | 
   2  -0.072 |                   :   **|     :                   | 
   3   0.035 |                   :     |*    :                   | 
   4   0.051 |                   :     |*    :                   | 
   5   0.040 |                   :     |*    :                   | 
   6  -0.116 |                   :  ***|     :                   | 
   7  -0.072 |                   :   **|     :                   | 
   8  -0.262 |                  *******|     :                   | 
   9   0.028 |                   :     |*    :                   | 
-------------+-------------------------+-------------------------+--------------
            -1                         0                         1

      +------------------------------------------------------+
      |         Calibration of distortions of the ACF        |
      |                                                      |
      +------------------------------------------------------+
      |                                                      |
      |     Lag                 Dates          Contribution  |
      |                                                      |
      |  r(1) = -0.071        1908 - 1909         -0.070    |
      |                       1886 - 1887         -0.040    |
      |                       1864 - 1865         -0.028    |
      |                       1868 - 1869         -0.027    |
      |                                                      |
      |  r(2) = -0.066        1869 - 1871         -0.029    |
      |                       1887 - 1889         -0.026    |
      |                       1868 - 1870         -0.025    |
      |                       1907 - 1909         -0.021    |
      |                                                      |
      |  r(3) = 0.044        1886 - 1889           0.063    |
      |                      1868 - 1871           0.055    |
      |                      1902 - 1905           0.031    |
      |                      1878 - 1881           0.028    |
      |                                                      |
      |  r(4) = 0.049        1864 - 1868           0.041    |
      |                      1898 - 1902           0.038    |
      |                      1904 - 1908           0.035    |
      |                      1867 - 1871           0.025    |
      |                                                      |
      |  r(5) = 0.027        1903 - 1908           0.031    |
      |                      1889 - 1894           0.031    |
      |                      1868 - 1873           0.030    |
      |                      1860 - 1865           0.025    |
      |                                                      |
      |  r(6) = -0.124        1902 - 1908         -0.110    |
      |                       1865 - 1871         -0.037    |
      |                       1871 - 1877         -0.025    |
      |                       1864 - 1870         -0.020    |
      |                                                      |
      |  r(7) = -0.052        1881 - 1888         -0.030    |
      |                       1901 - 1908         -0.028    |
      |                       1887 - 1894         -0.019    |
      |                       1889 - 1896         -0.019    |
      |                                                      |
      |  r(8) = -0.224        1878 - 1886         -0.054    |
      |                       1894 - 1902         -0.040    |
      |                       1860 - 1868         -0.037    |
      |                       1881 - 1889         -0.033    |
      |                                                      |
      |  r(9) = 0.068        1877 - 1886           0.032    |
      |                      1864 - 1873           0.024    |
      |                      1878 - 1887           0.022    |
      |                      1860 - 1869           0.019    |
      |                                                      |
      +------------------------------------------------------+
