
Input file             : BUFFALO_m01.inp
Output file            : BUFFALO_m01.out
Estimation method      : exact maximum likelihood
Check for invertibility: constrained search

Observations: 100.
Parameters  : 1.

**** GRADIENT STOPPING CRITERIUM SATISFIED TO WITHIN TOLERANCE LIMITS
**** CONVERGENCE OBTAINED AFTER 5 ITERATIONS [GRADIENT NORM = 0.0000]

Coefficients for regular MA factor 1:
     -0.135200  (0.093897) [ 1]
Mean parameter (mu):
      0.000000

Box-Cox lambda     :  0.0
Seasonal period    : 12
Regular differences:  1
Annual differences :  0
Irreducible factors:  0 0 0 0 0 0 0

Coefficients of the non-stationary operator: 
  u[ 1]     =    1.0000000000
Coefficients of the Autoregressive operator: 
Coefficients of the Moving-Average operator: 
  theta[ 1] =   -0.1351998954

sigma2:  23.4609691356 (   3.3345969507)
sigma :   4.8436524582
logelf: -296.6733773843

Selection Model Criterium:
Hannan-Quinn =   3.22
Schwarz   =   3.34

Standard errors: fdhess

Estimated covariance matrix:

x[ 1] ->  0.008816717


Estimated correlation matrix:

x[ 1] ->  1.00

Correlations greater than or equal to 0.7 in absolute value:


Unconditional residuals (seasonal period: 12)
99 observations: from 9/1972 to 11/1980

                  Mean:           0.522740
Standard error of mean:           0.483895
              Variance:          23.181254
    Standard deviation:           4.814691
              Skewness:           0.405812
              Kurtosis:           0.503173
           Jarque-Bera:           3.647662
               Minimum:         -12.163388 at  8/1976 (observation  48)
               Maximum:          14.528145 at  1/1974 (observation  17)

Standardized time series plot (original values on right-side column):

                     -2      -1        0       +1      +2         
-------------+--------+-------+--------+--------+-------+--------+--------------
   1  9/1972 |        :       :        |        *       :        |  5.6958830699
   2 10/1972 |        :       :    *   |        :       :        | -1.4774243826
   3 11/1972 |        :       :        |  *     :       :        |  1.9588079309
   4 12/1972 +        :       :        |        :  *    :        +  7.0462781063
   5  1/1973 |        :       :      * |        :       :        | -0.7907127074
   6  2/1973 |        :    *  :        |        :       :        | -5.9808442746
   7  3/1973 |        :       :        |   *    :       :        |  2.6825996251
   8  4/1973 |        :       :        *        :       :        |  0.7283853220
   9  5/1973 |        :       :        *        :       :        |  0.3180161106
  10  6/1973 |        :       :        |        *       :        |  5.6913162709
  11  7/1973 |        :       :  *     |        :       :        | -2.5912979308
  12  8/1973 |        :       :        |  *     :       :        |  2.3290385529
  13  9/1973 |        :       :        *        :       :        |  0.7763175765
  14 10/1973 |        :       : *      |        :       :        | -3.5753378559
  15 11/1973 |        :       :        |        :   *   :        |  7.8311036974
  16 12/1973 +        :       :        |        :   *   :        +  7.7851994165
  17  1/1974@|        :       :        |        :       :       *|@14.5281453786
  18  2/1974 |        :       :        |  *     :       :        |  2.2674167386
  19  3/1974 |        :       :*       |        :       :        | -3.9557621507
  20  4/1974 |        :       :       *|        :       :        |  0.1274860901
  21  5/1974 |        :       *        |        :       :        | -4.7331203498
  22  6/1974@|        :       :        |        :       :     *  |@13.2568569943
  23  7/1974 |        :       :        |       *:       :        |  5.0782217087
  24  8/1974 |        :       :   *    |        :       :        | -2.2582170256
  25  9/1974 |        :       :   *    |        :       :        | -2.4927993044
  26 10/1974 |        :       :        |        :     * :        |  9.1825682613
  27 11/1974 |        :       :        |*       :       :        |  1.0880739923
  28 12/1974 +        :    *  :        |        :       :        + -6.4006590860
  29  1/1975 |        :   *   :        |        :       :        | -6.7187423829
  30  2/1975 |        :       :      * |        :       :        | -0.3406247779
  31  3/1975 |        :      *:        |        :       :        | -5.2848029111
  32  4/1975 |        :       :       *|        :       :        | -0.0375959388
  33  5/1975 |        :       :*       |        :       :        | -4.0843757497
  34  6/1975 |        :       :  *     |        :       :        | -2.7691313248
  35  7/1975 |        :       :        |        : *     :        |  6.6756830482
  36  8/1975 |        :       :       *|        :       :        |  0.2069487830
  37  9/1975 |        :       :        |        : *     :        |  6.8713076949
  38 10/1975 |        :       :      * |        :       :        | -0.6583639215
  39 11/1975 |        :       :*       |        :       :        | -3.9368982585
  40 12/1975 +        :       *        |        :       :        + -4.4283796930
  41  1/1976 |        :       :        |     *  :       :        |  3.8567125946
  42  2/1976 |        :       : *      |        :       :        | -3.6021706314
  43  3/1976 |        :       :        |        *       :        |  5.3266671786
  44  4/1976 |        :      *:        |        :       :        | -5.1474472129
  45  5/1976 |        :       :     *  |        :       :        | -1.0834720555
  46  6/1976 |        :       :        |   *    :       :        |  2.6872423648
  47  7/1976 |        :       :       *|        :       :        |  0.1603988505
  48  8/1976@|  *     :       :        |        :       :        |@-12.1633883762
  49  9/1976 |        :       :*       |        :       :        | -4.0867727489
  50 10/1976 |        :       :       *|        :       :        |  0.1352844674
  51 11/1976 |        :     * :        |        :       :        | -5.6808564152
  52 12/1976 +        :       :        *        :       :        +  0.6204496900
  53  1/1977 |        :       :      * |        :       :        | -0.7508008768
  54  2/1977 |        :       :        |*       :       :        |  1.2840792615
  55  3/1977 |        :       :      * |        :       :        | -0.5416607969
  56  4/1977@|      * :       :        |        :       :        |@-9.8420034963
  57  5/1977 |        :       :    *   |        :       :        | -1.8127144174
  58  6/1977 |        *       :        |        :       :        | -8.9922532136
  59  7/1977 |        :       :        |        *       :        |  5.5446511988
  60  8/1977 |        :       :        *        :       :        |  0.5655953233
  61  9/1977 |        :       :        |       *:       :        |  5.1007589450
  62 10/1977 |        :       :        | *      :       :        |  1.5999301022
  63 11/1977 |        :       :        |    *   :       :        |  3.0444158721
  64 12/1977 +        :       :   *    |        :       :        + -2.3073960818
  65  1/1978 |        :       :        |       *:       :        |  5.0617820507
  66  2/1978 |        :       : *      |        :       :        | -3.6166612615
  67  3/1978 |        :       :        |    *   :       :        |  3.1928835712
  68  4/1978 |        :       :        |        :      *:        |  9.7072450634
  69  5/1978 |        :       : *      |        :       :        | -3.6113703392
  70  6/1978 |        :       :     *  |        :       :        | -1.3610134461
  71  7/1978 |        :       :        | *      :       :        |  1.4679066828
  72  8/1978 |        :       :*       |        :       :        | -3.9534146001
  73  9/1978 |        :       :        |*       :       :        |  0.9750305870
  74 10/1978 |        :       :        *        :       :        |  0.3796860333
  75 11/1978 |        :       :        |      * :       :        |  4.6470394875
  76 12/1978 +        :       *        |        :       :        + -4.2392910490
  77  1/1979 |        :       :  *     |        :       :        | -2.9488557562
  78  2/1979 |        :       :        |    *   :       :        |  3.1971002934
  79  3/1979 |        :       :        |     *  :       :        |  3.9023563301
  80  4/1979 |        :       :  *     |        :       :        | -2.6358983238
  81  5/1979 |        :       :        |        :     * :        |  8.9272176985
  82  6/1979 |        :       :        | *      :       :        |  1.4306980346
  83  7/1979@|        :       :        |        :       :    *   |@12.8815447417
  84  8/1979 |        :       :  *     |        :       :        | -2.8620434024
  85  9/1979 |        :       :        *        :       :        |  0.6682421062
  86 10/1979 |        :       :      * |        :       :        | -0.7667862717
  87 11/1979 |        :       :        | *      :       :        |  1.7862666071
  88 12/1979 +        :       : *      |        :       :        + -3.4056088203
  89  1/1980 |        :       :     *  |        :       :        | -1.3351503959
  90  2/1980 |        :       :        |   *    :       :        |  2.9472592783
  91  3/1980 |        :       :   *    |        :       :        | -2.5243751210
  92  4/1980 |        :       :*       |        :       :        | -4.1118002288
  93  5/1980 |        :       :        |        :  *    :        |  7.0211507616
  94  6/1980 |        :       :       *|        :       :        |  0.0136486200
  95  7/1980 |        :       :        |        *       :        |  5.5353322615
  96  8/1980 |        :       :        |*       :       :        |  0.9438903771
  97  9/1980 |        :       :       *|        :       :        | -0.2850529051
  98 10/1980 |        :       :        |*       :       :        |  1.0834807104
  99 11/1980 |        :       :       *|        :       :        |  0.1130516893
-------------+--------+-------+--------+--------+-------+--------+--------------
                     -2      -1        0       +1      +2         

                 +------------------------------------------+
                 |       Table of standardized values       |
                 |       greater than or equal to 2.0       |
                 +------------------------------------------+
                 |                                          |
                 | Observation    Date   Standardized value |
                 |                                          |
                 |     17        1/1974         2.91        |
                 |     22        6/1974         2.64        |
                 |     48        8/1976        -2.63        |
                 |     56        4/1977        -2.15        |
                 |     83        7/1979         2.57        |
                 +------------------------------------------+

Standardized time series histogram:

       -4      -3      -2      -1       0      +1      +2      +3      +4
        +---+---+---+---+---+---+---+---+---+---+---+---+---+---+---+---+
        |                         21  21                                |
        |                        ........ 19                            |
        |                        ............                           |
        |                        ............                           |
        |                        ............                           |
        |                        ............                           |
        |                        ............                           |
        |                        ............ 11                        |
        |                        ................                       |
        |                        ................  8                    |
        |                      7 ....................                   |
        |                    ........................                   |
        |                    ........................  5                |
        |                    ............................      3        |
        |                  2 ............................    ....       |
        |          1   1 ................................    ....       |
        |        ........................................    ....       |
        +---+---+---+---+---+---+---+---+---+---+---+---+---+---+---+---+
       -4      -3      -2      -1       0      +1      +2      +3      +4

              27 values outside (-1,+1): 27.27 % (31.74 % expected)
               5 values outside (-2,+2):  5.05 % ( 4.56 % expected)

Autocorrelation function (acf bands = +- 0.201):

            -1                         0                         1  L-B Q  DF
-------------+-------------------------+-------------------------+--------------
   1  -0.003 |                    :    |    :                    | 
   2   0.048 |                    :    |*   :                    | 
   3  -0.035 |                    :   *|    :                    | 
   4   0.025 |                    :    |*   :                    | 
   5   0.006 |                    :    |    :                    | 
   6   0.059 |                    :    |*   :                    | 
   7  -0.023 |                    :   *|    :                    | 
   8   0.104 |                    :    |*** :                    | 
   9   0.004 |                    :    |    :                    | 
  10   0.048 |                    :    |*   :                    | 
  11  -0.097 |                    :  **|    :                    | 
  12  -0.033 +                    :   +|    :                    +   3.51  11
  13  -0.025 |                    :   *|    :                    | 
  14   0.029 |                    :    |*   :                    | 
  15   0.078 |                    :    |**  :                    | 
  16   0.019 |                    :    |    :                    | 
  17  -0.131 |                    : ***|    :                    | 
  18   0.113 |                    :    |*** :                    | 
  19   0.053 |                    :    |*   :                    | 
  20   0.107 |                    :    |*** :                    | 
  21  -0.049 |                    :   *|    :                    | 
  22   0.085 |                    :    |**  :                    | 
  23  -0.117 |                    : ***|    :                    | 
  24   0.026 +                    :    |+   :                    +  13.06  23
  25  -0.029 |                    :   *|    :                    | 
  26  -0.058 |                    :   *|    :                    | 
  27  -0.050 |                    :   *|    :                    | 
  28   0.079 |                    :    |**  :                    | 
  29  -0.080 |                    :  **|    :                    | 
  30  -0.050 |                    :   *|    :                    | 
  31  -0.092 |                    :  **|    :                    | 
  32  -0.117 |                    : ***|    :                    | 
  33  -0.036 |                    :   *|    :                    | 
  34  -0.107 |                    : ***|    :                    | 
  35  -0.137 |                    : ***|    :                    | 
  36  -0.007 +                    :    |    :                    +  24.36  35
  37   0.014 |                    :    |    :                    | 
  38  -0.006 |                    :    |    :                    | 
  39  -0.121 |                    : ***|    :                    |  26.82  38
-------------+-------------------------+-------------------------+--------------
            -1                         0                         1  L-B Q  DF

Partial autocorrelation function (pacf bands = +- 0.201):

            -1                         0                         1
-------------+-------------------------+-------------------------+--------------
   1  -0.003 |                    :    |    :                    | 
   2   0.048 |                    :    |*   :                    | 
   3  -0.035 |                    :   *|    :                    | 
   4   0.022 |                    :    |*   :                    | 
   5   0.009 |                    :    |    :                    | 
   6   0.056 |                    :    |*   :                    | 
   7  -0.022 |                    :   *|    :                    | 
   8   0.099 |                    :    |**  :                    | 
   9   0.010 |                    :    |    :                    | 
  10   0.036 |                    :    |*   :                    | 
  11  -0.093 |                    :  **|    :                    | 
  12  -0.043 +                    :   +|    :                    + 
  13  -0.014 |                    :    |    :                    | 
  14   0.014 |                    :    |    :                    | 
  15   0.086 |                    :    |**  :                    | 
  16   0.006 |                    :    |    :                    | 
  17  -0.129 |                    : ***|    :                    | 
  18   0.112 |                    :    |*** :                    | 
  19   0.084 |                    :    |**  :                    | 
  20   0.098 |                    :    |**  :                    | 
  21  -0.045 |                    :   *|    :                    | 
  22   0.074 |                    :    |**  :                    | 
  23  -0.134 |                    : ***|    :                    | 
  24  -0.012 +                    :    |    :                    + 
  25   0.002 |                    :    |    :                    | 
  26  -0.081 |                    :  **|    :                    | 
  27  -0.043 |                    :   *|    :                    | 
  28   0.035 |                    :    |*   :                    | 
  29  -0.065 |                    :  **|    :                    | 
  30  -0.077 |                    :  **|    :                    | 
  31  -0.022 |                    :   *|    :                    | 
  32  -0.098 |                    :  **|    :                    | 
  33  -0.031 |                    :   *|    :                    | 
  34  -0.152 |                    :****|    :                    | 
  35  -0.135 |                    : ***|    :                    | 
  36  -0.003 +                    :    |    :                    + 
  37   0.026 |                    :    |*   :                    | 
  38  -0.029 |                    :   *|    :                    | 
  39  -0.099 |                    :  **|    :                    | 
-------------+-------------------------+-------------------------+--------------
            -1                         0                         1

      +------------------------------------------------------+
      |         Calibration of distortions of the ACF        |
      |                                                      |
      +------------------------------------------------------+
      |                                                      |
      |     Lag                 Dates          Contribution  |
      |                                                      |
      |  r(1) = -0.003       5/1974 -  6/1974       -0.029    |
      |                     6/1977 -  7/1977       -0.021    |
      |                     7/1979 -  8/1979       -0.018    |
      |                     4/1978 -  5/1978       -0.017    |
      |                                                      |
      |  r(2) = 0.048        5/1979 -  7/1979        0.045    |
      |                    11/1973 -  1/1974        0.045    |
      |                     4/1977 -  6/1977        0.043    |
      |                     1/1975 -  3/1975        0.018    |
      |                                                      |
      |  r(3) = -0.035      10/1974 -  1/1975       -0.027    |
      |                    10/1973 -  1/1974       -0.025    |
      |                     3/1974 -  6/1974       -0.025    |
      |                     4/1977 -  7/1977       -0.023    |
      |                                                      |
      |  r(4) = 0.025        6/1974 - 10/1974        0.048    |
      |                     4/1976 -  8/1976        0.031    |
      |                     3/1979 -  7/1979        0.018    |
      |                     1/1975 -  5/1975        0.015    |
      |                                                      |
      |  r(5) = 0.006        1/1974 -  6/1974        0.078    |
      |                    11/1976 -  4/1977        0.028    |
      |                     6/1973 - 11/1973        0.016    |
      |                     2/1979 -  7/1979        0.014    |
      |                                                      |
      |  r(6) = 0.059       12/1973 -  6/1974        0.040    |
      |                     1/1974 -  7/1974        0.028    |
      |                     2/1976 -  8/1976        0.023    |
      |                     6/1973 - 12/1973        0.016    |
      |                                                      |
      |  r(7) = -0.023       6/1974 -  1/1975       -0.040    |
      |                    12/1978 -  7/1979       -0.026    |
      |                     6/1977 -  1/1978       -0.019    |
      |                    12/1974 -  7/1975       -0.019    |
      |                                                      |
      |  r(8) = 0.104        8/1976 -  4/1977        0.057    |
      |                    12/1975 -  8/1976        0.027    |
      |                    11/1978 -  7/1979        0.022    |
      |                     6/1977 -  2/1978        0.017    |
      |                                                      |
      |  r(9) = 0.004        1/1974 - 10/1974        0.053    |
      |                    11/1975 -  8/1976        0.025    |
      |                    10/1974 -  7/1975        0.023    |
      |                     7/1977 -  4/1978        0.020    |
      |                                                      |
      |  r(10) = 0.048        8/1976 -  6/1977        0.053    |
      |                     7/1979 -  5/1980        0.035    |
      |                    12/1973 - 10/1974        0.027    |
      |                     4/1977 -  2/1978        0.019    |
      |                                                      |
      |  r(11) = -0.097       1/1974 - 12/1974       -0.042    |
      |                     2/1973 -  1/1974       -0.040    |
      |                     9/1975 -  8/1976       -0.035    |
      |                     8/1976 -  7/1977       -0.028    |
      |                                                      |
      |  r(12) = -0.033       1/1974 -  1/1975       -0.044    |
      |                     4/1977 -  4/1978       -0.041    |
      |                    12/1973 - 12/1974       -0.022    |
      |                     6/1974 -  6/1975       -0.018    |
      |                                                      |
      |  r(13) = -0.025       7/1975 -  8/1976       -0.034    |
      |                     8/1976 -  9/1977       -0.025    |
      |                    12/1973 -  1/1975       -0.023    |
      |                    11/1973 - 12/1974       -0.022    |
      |                                                      |
      |  r(14) = 0.029        4/1976 -  6/1977        0.024    |
      |                     2/1976 -  4/1977        0.019    |
      |                     6/1977 -  8/1978        0.019    |
      |                     5/1979 -  7/1980        0.018    |
      |                                                      |
      |  r(15) = 0.078        4/1978 -  7/1979        0.049    |
      |                     6/1974 -  9/1975        0.035    |
      |                     5/1975 -  8/1976        0.025    |
      |                     1/1975 -  4/1976        0.018    |
      |                                                      |
      |  r(16) = 0.019        9/1972 -  1/1974        0.032    |
      |                    12/1975 -  4/1977        0.022    |
      |                     4/1977 -  8/1978        0.020    |
      |                     6/1973 - 10/1974        0.020    |
      |                                                      |
      |  r(17) = -0.131       8/1976 -  1/1978       -0.025    |
      |                    11/1976 -  4/1978       -0.025    |
      |                     6/1974 - 11/1975       -0.025    |
      |                     2/1978 -  7/1979       -0.022    |
      |                                                      |
      |  r(18) = 0.113        1/1974 -  7/1975        0.038    |
      |                    12/1972 -  6/1974        0.036    |
      |                     1/1978 -  7/1979        0.024    |
      |                     8/1976 -  2/1978        0.023    |
      |                                                      |
      |  r(19) = 0.053        1/1975 -  8/1976        0.040    |
      |                    12/1973 -  7/1975        0.019    |
      |                     6/1974 -  1/1976        0.018    |
      |                    11/1975 -  6/1977        0.018    |
      |                                                      |
      |  r(20) = 0.107        1/1974 -  9/1975        0.039    |
      |                    12/1974 -  8/1976        0.038    |
      |                     4/1977 - 12/1978        0.022    |
      |                    11/1973 -  7/1975        0.020    |
      |                                                      |
      |  r(21) = -0.049       7/1975 -  4/1977       -0.028    |
      |                     9/1975 -  6/1977       -0.026    |
      |                     6/1977 -  3/1979       -0.014    |
      |                     6/1973 -  3/1975       -0.013    |
      |                                                      |
      |  r(22) = 0.085        9/1977 -  7/1979        0.025    |
      |                    12/1972 - 10/1974        0.025    |
      |                    11/1973 -  9/1975        0.020    |
      |                     2/1973 - 12/1974        0.020    |
      |                                                      |
      |  r(23) = -0.117       6/1977 -  5/1979       -0.035    |
      |                     1/1974 - 12/1975       -0.030    |
      |                     7/1975 -  6/1977       -0.026    |
      |                    10/1974 -  9/1976       -0.017    |
      |                                                      |
      |  r(24) = 0.026        7/1977 -  7/1979        0.027    |
      |                     8/1976 -  8/1978        0.025    |
      |                     1/1974 -  1/1976        0.020    |
      |                     8/1974 -  8/1976        0.015    |
      |                                                      |
      |  r(25) = -0.029       6/1977 -  7/1979       -0.051    |
      |                     4/1977 -  5/1979       -0.038    |
      |                     7/1974 -  8/1976       -0.025    |
      |                     1/1974 -  2/1976       -0.025    |
      |                                                      |
      |  r(26) = -0.058       6/1974 -  8/1976       -0.070    |
      |                     2/1976 -  4/1978       -0.017    |
      |                    12/1973 -  2/1976       -0.013    |
      |                     5/1977 -  7/1979       -0.013    |
      |                                                      |
      |  r(27) = -0.050       4/1977 -  7/1979       -0.056    |
      |                     1/1974 -  4/1976       -0.035    |
      |                     6/1974 -  9/1976       -0.026    |
      |                     8/1976 - 11/1978       -0.023    |
      |                                                      |
      |  r(28) = 0.079       12/1974 -  4/1977        0.031    |
      |                     8/1976 - 12/1978        0.026    |
      |                    11/1973 -  3/1976        0.015    |
      |                     4/1977 -  8/1979        0.015    |
      |                                                      |
      |  r(29) = -0.080       6/1974 - 11/1976       -0.034    |
      |                    11/1973 -  4/1976       -0.018    |
      |                    11/1975 -  4/1978       -0.018    |
      |                     2/1973 -  7/1975       -0.017    |
      |                                                      |
      |  r(30) = -0.050      10/1974 -  4/1977       -0.039    |
      |                    11/1976 -  5/1979       -0.023    |
      |                     1/1975 -  7/1977       -0.016    |
      |                     8/1976 -  2/1979       -0.015    |
      |                                                      |
      |  r(31) = -0.092       1/1974 -  8/1976       -0.077    |
      |                     8/1976 -  3/1979       -0.019    |
      |                     2/1973 -  9/1975       -0.018    |
      |                    12/1974 -  7/1977       -0.015    |
      |                                                      |
      |  r(32) = -0.117      12/1973 -  8/1976       -0.040    |
      |                    10/1974 -  6/1977       -0.036    |
      |                    11/1976 -  7/1979       -0.033    |
      |                     1/1974 -  9/1976       -0.028    |
      |                                                      |
      |  r(33) = -0.036       8/1976 -  5/1979       -0.046    |
      |                    11/1973 -  8/1976       -0.040    |
      |                     7/1974 -  4/1977       -0.021    |
      |                    12/1973 -  9/1976       -0.015    |
      |                                                      |
      |  r(34) = -0.107       6/1974 -  4/1977       -0.058    |
      |                     1/1974 - 11/1976       -0.038    |
      |                     9/1976 -  7/1979       -0.025    |
      |                    11/1973 -  9/1976       -0.015    |
      |                                                      |
      |  r(35) = -0.137       8/1976 -  7/1979       -0.068    |
      |                     6/1977 -  5/1980       -0.027    |
      |                    12/1973 - 11/1976       -0.020    |
      |                     7/1974 -  6/1977       -0.019    |
      |                                                      |
      |  r(36) = -0.007       6/1974 -  6/1977       -0.053    |
      |                    11/1973 - 11/1976       -0.020    |
      |                     1/1975 -  1/1978       -0.014    |
      |                    12/1972 - 12/1975       -0.014    |
      |                                                      |
      |  r(37) = 0.014        6/1974 -  7/1977        0.028    |
      |                     5/1974 -  6/1977        0.022    |
      |                     3/1974 -  4/1977        0.020    |
      |                     7/1973 -  8/1976        0.017    |
      |                                                      |
      |  r(38) = -0.006       6/1973 -  8/1976       -0.029    |
      |                    12/1972 -  2/1976       -0.012    |
      |                     5/1974 -  7/1977       -0.012    |
      |                    10/1974 - 12/1977       -0.011    |
      |                                                      |
      |  r(39) = -0.121       1/1974 -  4/1977       -0.063    |
      |                     4/1976 -  7/1979       -0.031    |
      |                     1/1975 -  4/1978       -0.029    |
      |                     4/1977 -  7/1980       -0.023    |
      |                                                      |
      +------------------------------------------------------+
