
Input file             : KANSASCITY_m01.inp
Output file            : KANSASCITY_m01.out
Estimation method      : exact maximum likelihood
Check for invertibility: constrained search

Observations: 100.
Parameters  : 1.

**** GRADIENT STOPPING CRITERIUM SATISFIED TO WITHIN TOLERANCE LIMITS
**** CONVERGENCE OBTAINED AFTER 5 ITERATIONS [GRADIENT NORM = 0.0000]

Coefficients for regular MA factor 1:
     -0.199120  (0.099436) [ 1]
Mean parameter (mu):
      0.000000

Box-Cox lambda     :  0.0
Seasonal period    : 12
Regular differences:  1
Annual differences :  0
Irreducible factors:  0 0 0 0 0 0 0

Coefficients of the non-stationary operator: 
  u[ 1]     =    1.0000000000
Coefficients of the Autoregressive operator: 
Coefficients of the Moving-Average operator: 
  theta[ 1] =   -0.1991197286

sigma2:  27.5368535825 (   3.9139179400)
sigma :   5.2475569156
logelf: -304.6136420812

Selection Model Criterium:
Hannan-Quinn =   3.38
Schwarz   =   3.50

Standard errors: fdhess

Estimated covariance matrix:

x[ 1] ->  0.009887471


Estimated correlation matrix:

x[ 1] ->  1.00

Correlations greater than or equal to 0.7 in absolute value:


Unconditional residuals (seasonal period: 12)
99 observations: from 9/1972 to 11/1980

                  Mean:           0.463255
Standard error of mean:           0.525304
              Variance:          27.318488
    Standard deviation:           5.226709
              Skewness:           0.510632
              Kurtosis:          -0.051640
           Jarque-Bera:           4.182585
               Minimum:         -10.463453 at  8/1976 (observation  48)
               Maximum:          15.062006 at  1/1974 (observation  17)

Standardized time series plot (original values on right-side column):

                    -2       -1        0       +1       +2        
-------------+-------+--------+--------+--------+--------+-------+--------------
   1  9/1972 |       :        :        |    *   :        :       |  3.1603983682
   2 10/1972 |       :        :       *|        :        :       |  0.1529749027
   3 11/1972 |       :        :        |*       :        :       |  1.2598801625
   4 12/1972@+       :        :        |        :        :    *  +@14.0592173680
   5  1/1973 |       :        :*       |        :        :       | -4.4425216864
   6  2/1973 |       :    *   :        |        :        :       | -7.1071276415
   7  3/1973 |       :        :        |  *     :        :       |  2.3892030020
   8  4/1973 |       :        :        |    *   :        :       |  3.5612175161
   9  5/1973 |       :        :   *    |        :        :       | -2.4305909271
  10  6/1973 |       :        :        |        :      * :       |  9.9647579516
  11  7/1973 |       :        *        |        :        :       | -4.6025112935
  12  8/1973 |       :        :        |*       :        :       |  0.8427316662
  13  9/1973 |       :        :        |        :  *     :       |  7.2219201195
  14 10/1973 |       :       *:        |        :        :       | -5.1356925331
  15 11/1973 |       :        :        |       *:        :       |  5.4028799693
  16 12/1973 +       :        :        |        :      * :       +  9.8065699039
  17  1/1974@|       :        :        |        :        :      *|@15.0620055255
  18  2/1974 |       :        :        *        :        :       |  0.2914606908
  19  3/1974 |       :        : *      |        :        :       | -3.8129160535
  20  4/1974 |       :        :      * |        :        :       | -0.8566540619
  21  5/1974 |       :        :     *  |        :        :       | -1.0454044229
  22  6/1974 |       :        :        |      * :        :       |  4.4264376822
  23  7/1974 |       :        :        |        :   *    :       |  8.3199384225
  24  8/1974 |       :  *     :        |        :        :       | -8.0919130738
  25  9/1974 |       :        :        |  *     :        :       |  2.5001542769
  26 10/1974 |       :        :        |        :   *    :       |  8.2974946875
  27 11/1974 |       :        :        |*       :        :       |  1.2761421225
  28 12/1974 +       :      * :        |        :        :       + -5.9210888247
  29  1/1975 |       :     *  :        |        :        :       | -6.4634340633
  30  2/1975 |       :        :*       |        :        :       | -4.1530304694
  31  3/1975 |       :  *     :        |        :        :       | -8.1622890099
  32  4/1975 |       :        :      * |        :        :       | -0.4739296756
  33  5/1975 |       :       *:        |        :        :       | -5.1684119772
  34  6/1975 |       :        *        |        :        :       | -4.9208150727
  35  7/1975 |       :        :        |        :       *:       | 10.6485862865
  36  8/1975 |       :        :        |  *     :        :       |  2.1555639759
  37  9/1975 |       :        :        |        :   *    :       |  7.9800212327
  38 10/1975 |       :        :  *     |        :        :       | -2.8088303758
  39 11/1975 |       :        :*       |        :        :       | -4.3624214237
  40 12/1975 +       :     *  :        |        :        :       + -6.4559535745
  41  1/1976 |       :        :        *        :        :       |  0.7412064101
  42  2/1976 |       :        :        |     *  :        :       |  3.9515891792
  43  3/1976 |       :        :        |*       :        :       |  1.2869676738
  44  4/1976 |       :      * :        |        :        :       | -5.8246489281
  45  5/1976 |       :        :*       |        :        :       | -4.1632361994
  46  6/1976 |       :        :        |    *   :        :       |  3.4020770393
  47  7/1976 |       :        :    *   |        :        :       | -2.0498688993
  48  8/1976@|      *:        :        |        :        :       |@-10.4634530116
  49  9/1976 |       :        :      * |        :        :       | -0.9739925038
  50 10/1976 |       :        :  *     |        :        :       | -2.9599689860
  51 11/1976 |       :       *:        |        :        :       | -5.6362099355
  52 12/1976 +       :        :       *|        :        :       + -0.3959267544
  53  1/1977 |       :        :     *  |        :        :       | -1.1362449504
  54  2/1977 |       :        :        |*       :        :       |  0.8761292213
  55  3/1977 |       :        :*       |        :        :       | -4.4761931211
  56  4/1977 |       :        :*       |        :        :       | -4.3136925645
  57  5/1977 |       :       *:        |        :        :       | -5.1979555941
  58  6/1977 |       :     *  :        |        :        :       | -6.8353178755
  59  7/1977 |       :        :        |        :     *  :       |  9.3259426779
  60  8/1977 |       :        :      * |        :        :       | -0.8226493144
  61  9/1977 |       :        :        |   *    :        :       |  3.0224604844
  62 10/1977 |       :        :        |    *   :        :       |  3.2327889894
  63 11/1977 |       :        :        |    *   :        :       |  3.2177715465
  64 12/1977 +       :        :    *   |        :        :       + -1.9966747756
  65  1/1978 |       :        :        |        :  *     :       |  7.7169139222
  66  2/1978 |       :      * :        |        :        :       | -6.0791388099
  67  3/1978 |       :        :        |       *:        :       |  5.3557265804
  68  4/1978 |       :        :        |     *  :        :       |  3.9035360320
  69  5/1978 |       :        :        |*       :        :       |  1.1732784271
  70  6/1978 |       :        : *      |        :        :       | -3.4804161900
  71  7/1978 |       :        :        |        *        :       |  5.7071636969
  72  8/1978 |       :        :     *  |        :        :       | -1.4288067556
  73  9/1978 |       :        :        *        :        :       |  0.5769014826
  74 10/1978 |       :        :        |*       :        :       |  0.9018392689
  75 11/1978 |       :        :        |   *    :        :       |  3.0201301848
  76 12/1978 +       :        :   *    |        :        :       + -2.3663268372
  77  1/1979 |       :        :   *    |        :        :       | -2.7128782279
  78  2/1979 |       :        :        |    *   :        :       |  3.5103443372
  79  3/1979 |       :        :        |       *:        :       |  4.9216471401
  80  4/1979 |       :        :   *    |        :        :       | -2.2020081763
  81  5/1979 |       :        :        |        :    *   :       |  8.3796624495
  82  6/1979 |       :        :        | *      :        :       |  1.4372835892
  83  7/1979@|       :        :        |        :        :   *   |@13.1968327761
  84  8/1979 |       :       *:        |        :        :       | -5.5563755487
  85  9/1979 |       :        :        |*       :        :       |  0.9962518216
  86 10/1979 |       :        :       *|        :        :       |  0.0217697896
  87 11/1979 |       :        :        |      * :        :       |  4.8249297262
  88 12/1979 +       :        :  *     |        :        :       + -3.0783403247
  89  1/1980 |       :        :  *     |        :        :       | -3.0931879379
  90  2/1980 |       :        :        |    *   :        :       |  3.1921054453
  91  3/1980 |       :      * :        |        :        :       | -6.1987807686
  92  4/1980 |       :        :    *   |        :        :       | -2.1400752855
  93  5/1980 |       :        :        |        *        :       |  5.8390817323
  94  6/1980 |       :        :  *     |        :        :       | -2.9156191918
  95  7/1980 |       :        :        |  *     :        :       |  2.2213296132
  96  8/1980 |       :        :        | *      :        :       |  1.6677066543
  97  9/1980 |       :        :        |    *   :        :       |  3.2300950159
  98 10/1980 |       :        :        *        :        :       |  0.5165632385
  99 11/1980 |       :        :        *        :        :       |  0.6282158203
-------------+-------+--------+--------+--------+--------+-------+--------------
                    -2       -1        0       +1       +2        

                 +------------------------------------------+
                 |       Table of standardized values       |
                 |       greater than or equal to 2.0       |
                 +------------------------------------------+
                 |                                          |
                 | Observation    Date   Standardized value |
                 |                                          |
                 |      4       12/1972         2.60        |
                 |     17        1/1974         2.79        |
                 |     48        8/1976        -2.09        |
                 |     83        7/1979         2.44        |
                 +------------------------------------------+

Standardized time series histogram:

       -4      -3      -2      -1       0      +1      +2      +3      +4
        +---+---+---+---+---+---+---+---+---+---+---+---+---+---+---+---+
        |                                 20                            |
        |                         18     ....                           |
        |                        ....    ....                           |
        |                        ....    ....                           |
        |                     14 .... 14 .... 15                        |
        |                    ....................                       |
        |                    ....................                       |
        |                    ....................                       |
        |                    ....................                       |
        |                    ....................                       |
        |                    ....................                       |
        |                    ....................  6   6                |
        |                    ............................               |
        |                    ............................               |
        |                  2 ............................      2        |
        |              1 ................................  1 ....       |
        |            ............................................       |
        +---+---+---+---+---+---+---+---+---+---+---+---+---+---+---+---+
       -4      -3      -2      -1       0      +1      +2      +3      +4

              32 values outside (-1,+1): 32.32 % (31.74 % expected)
               4 values outside (-2,+2):  4.04 % ( 4.56 % expected)

Autocorrelation function (acf bands = +- 0.201):

            -1                         0                         1  L-B Q  DF
-------------+-------------------------+-------------------------+--------------
   1  -0.007 |                    :    |    :                    | 
   2  -0.005 |                    :    |    :                    | 
   3   0.054 |                    :    |*   :                    | 
   4   0.043 |                    :    |*   :                    | 
   5  -0.035 |                    :   *|    :                    | 
   6   0.113 |                    :    |*** :                    | 
   7  -0.039 |                    :   *|    :                    | 
   8  -0.011 |                    :    |    :                    | 
   9   0.103 |                    :    |*** :                    | 
  10   0.135 |                    :    |*** :                    | 
  11  -0.150 |                    :****|    :                    | 
  12   0.051 +                    :    |+   :                    +   8.25  11
  13  -0.019 |                    :    |    :                    | 
  14  -0.009 |                    :    |    :                    | 
  15  -0.029 |                    :   *|    :                    | 
  16   0.034 |                    :    |*   :                    | 
  17  -0.121 |                    : ***|    :                    | 
  18   0.089 |                    :    |**  :                    | 
  19   0.141 |                    :    |****:                    | 
  20   0.048 |                    :    |*   :                    | 
  21  -0.128 |                    : ***|    :                    | 
  22   0.127 |                    :    |*** :                    | 
  23  -0.158 |                    :****|    :                    | 
  24   0.047 +                    :    |+   :                    +  21.84  23
  25  -0.001 |                    :    |    :                    | 
  26  -0.000 |                    :    |    :                    | 
  27  -0.047 |                    :   *|    :                    | 
  28  -0.014 |                    :    |    :                    | 
  29  -0.086 |                    :  **|    :                    | 
  30  -0.116 |                    : ***|    :                    | 
  31  -0.128 |                    : ***|    :                    | 
  32  -0.095 |                    :  **|    :                    | 
  33   0.024 |                    :    |*   :                    | 
  34  -0.029 |                    :   *|    :                    | 
  35  -0.213 |                    *****|    :                    | 
  36   0.034 +                    :    |+   :                    +  36.38  35
  37  -0.003 |                    :    |    :                    | 
  38  -0.064 |                    :  **|    :                    | 
  39  -0.031 |                    :   *|    :                    |  37.21  38
-------------+-------------------------+-------------------------+--------------
            -1                         0                         1  L-B Q  DF

Partial autocorrelation function (pacf bands = +- 0.201):

            -1                         0                         1
-------------+-------------------------+-------------------------+--------------
   1  -0.007 |                    :    |    :                    | 
   2  -0.005 |                    :    |    :                    | 
   3   0.054 |                    :    |*   :                    | 
   4   0.044 |                    :    |*   :                    | 
   5  -0.033 |                    :   *|    :                    | 
   6   0.110 |                    :    |*** :                    | 
   7  -0.043 |                    :   *|    :                    | 
   8  -0.009 |                    :    |    :                    | 
   9   0.095 |                    :    |**  :                    | 
  10   0.132 |                    :    |*** :                    | 
  11  -0.142 |                    :****|    :                    | 
  12   0.030 +                    :    |+   :                    + 
  13  -0.033 |                    :   *|    :                    | 
  14   0.000 |                    :    |    :                    | 
  15  -0.038 |                    :   *|    :                    | 
  16   0.008 |                    :    |    :                    | 
  17  -0.081 |                    :  **|    :                    | 
  18   0.072 |                    :    |**  :                    | 
  19   0.129 |                    :    |*** :                    | 
  20   0.068 |                    :    |**  :                    | 
  21  -0.105 |                    : ***|    :                    | 
  22   0.085 |                    :    |**  :                    | 
  23  -0.148 |                    :****|    :                    | 
  24   0.048 +                    :    |+   :                    + 
  25  -0.023 |                    :   *|    :                    | 
  26   0.015 |                    :    |    :                    | 
  27  -0.009 |                    :    |    :                    | 
  28  -0.125 |                    : ***|    :                    | 
  29  -0.075 |                    :  **|    :                    | 
  30  -0.110 |                    : ***|    :                    | 
  31  -0.113 |                    : ***|    :                    | 
  32  -0.131 |                    : ***|    :                    | 
  33   0.133 |                    :    |*** :                    | 
  34  -0.083 |                    :  **|    :                    | 
  35  -0.174 |                    :****|    :                    | 
  36   0.060 +                    :    |+   :                    + 
  37   0.028 |                    :    |*   :                    | 
  38  -0.100 |                    : ***|    :                    | 
  39   0.015 |                    :    |    :                    | 
-------------+-------------------------+-------------------------+--------------
            -1                         0                         1

      +------------------------------------------------------+
      |         Calibration of distortions of the ACF        |
      |                                                      |
      +------------------------------------------------------+
      |                                                      |
      |     Lag                 Dates          Contribution  |
      |                                                      |
      |  r(1) = -0.007       7/1979 -  8/1979       -0.028    |
      |                     7/1974 -  8/1974       -0.025    |
      |                    12/1972 -  1/1973       -0.025    |
      |                     6/1977 -  7/1977       -0.024    |
      |                                                      |
      |  r(2) = -0.005      12/1972 -  2/1973       -0.038    |
      |                     8/1974 - 10/1974       -0.025    |
      |                     1/1974 -  3/1974       -0.023    |
      |                     5/1975 -  7/1975       -0.021    |
      |                                                      |
      |  r(3) = 0.054        8/1976 - 11/1976        0.025    |
      |                     6/1973 -  9/1973        0.024    |
      |                     9/1973 - 12/1973        0.023    |
      |                     7/1974 - 10/1974        0.023    |
      |                                                      |
      |  r(4) = 0.043        9/1973 -  1/1974        0.036    |
      |                     4/1976 -  8/1976        0.025    |
      |                     3/1979 -  7/1979        0.021    |
      |                     7/1979 - 11/1979        0.021    |
      |                                                      |
      |  r(5) = -0.035       7/1975 - 12/1975       -0.026    |
      |                    10/1974 -  3/1975       -0.025    |
      |                     7/1974 - 12/1974       -0.019    |
      |                     7/1973 - 12/1973       -0.018    |
      |                                                      |
      |  r(6) = 0.113       12/1972 -  6/1973        0.048    |
      |                     1/1974 -  7/1974        0.042    |
      |                     6/1973 - 12/1973        0.033    |
      |                     7/1977 -  1/1978        0.024    |
      |                                                      |
      |  r(7) = -0.039       1/1974 -  8/1974       -0.046    |
      |                    12/1972 -  7/1973       -0.025    |
      |                    12/1974 -  7/1975       -0.024    |
      |                     7/1977 -  2/1978       -0.021    |
      |                                                      |
      |  r(8) = -0.011       7/1979 -  3/1980       -0.031    |
      |                    12/1973 -  8/1974       -0.030    |
      |                     7/1974 -  3/1975       -0.025    |
      |                    11/1976 -  7/1977       -0.020    |
      |                                                      |
      |  r(9) = 0.103        1/1974 - 10/1974        0.042    |
      |                    12/1972 -  9/1973        0.034    |
      |                    10/1974 -  7/1975        0.030    |
      |                     8/1976 -  5/1977        0.023    |
      |                                                      |
      |  r(10) = 0.135        8/1976 -  6/1977        0.029    |
      |                    12/1973 - 10/1974        0.027    |
      |                     7/1979 -  5/1980        0.025    |
      |                     9/1973 -  7/1974        0.020    |
      |                                                      |
      |  r(11) = -0.150       2/1973 -  1/1974       -0.041    |
      |                     8/1976 -  7/1977       -0.036    |
      |                     1/1974 - 12/1974       -0.034    |
      |                     8/1974 -  7/1975       -0.032    |
      |                                                      |
      |  r(12) = 0.051       12/1972 - 12/1973        0.047    |
      |                     7/1974 -  7/1975        0.030    |
      |                     7/1978 -  7/1979        0.025    |
      |                     7/1977 -  7/1978        0.017    |
      |                                                      |
      |  r(13) = -0.019       7/1975 -  8/1976       -0.041    |
      |                     1/1974 -  2/1975       -0.025    |
      |                    12/1973 -  1/1975       -0.024    |
      |                     8/1974 -  9/1975       -0.024    |
      |                                                      |
      |  r(14) = -0.009       1/1974 -  3/1975       -0.047    |
      |                     6/1973 -  8/1974       -0.030    |
      |                    10/1974 - 12/1975       -0.020    |
      |                     9/1975 - 11/1976       -0.017    |
      |                                                      |
      |  r(15) = -0.029      12/1973 -  3/1975       -0.030    |
      |                    12/1972 -  3/1974       -0.021    |
      |                     4/1976 -  7/1977       -0.021    |
      |                     2/1978 -  5/1979       -0.019    |
      |                                                      |
      |  r(16) = 0.034        6/1973 - 10/1974        0.028    |
      |                     3/1978 -  7/1979        0.023    |
      |                     8/1974 - 12/1975        0.022    |
      |                     1/1978 -  5/1979        0.021    |
      |                                                      |
      |  r(17) = -0.121       2/1978 -  7/1979       -0.031    |
      |                     8/1976 -  1/1978       -0.029    |
      |                     1/1974 -  6/1975       -0.029    |
      |                     2/1973 -  7/1974       -0.022    |
      |                                                      |
      |  r(18) = 0.089        1/1974 -  7/1975        0.055    |
      |                     1/1978 -  7/1979        0.034    |
      |                     8/1976 -  2/1978        0.026    |
      |                     2/1973 -  8/1974        0.024    |
      |                                                      |
      |  r(19) = 0.141       12/1972 -  7/1974        0.039    |
      |                    12/1973 -  7/1975        0.035    |
      |                     1/1975 -  8/1976        0.028    |
      |                     1/1973 -  8/1974        0.016    |
      |                                                      |
      |  r(20) = 0.048        1/1974 -  9/1975        0.041    |
      |                    12/1974 -  8/1976        0.026    |
      |                     8/1974 -  4/1976        0.020    |
      |                     3/1975 - 11/1976        0.019    |
      |                                                      |
      |  r(21) = -0.128       6/1973 -  3/1975       -0.030    |
      |                    10/1973 -  7/1975       -0.021    |
      |                     9/1975 -  6/1977       -0.020    |
      |                     7/1974 -  4/1976       -0.018    |
      |                                                      |
      |  r(22) = 0.127       12/1972 - 10/1974        0.039    |
      |                     7/1977 -  5/1979        0.026    |
      |                     9/1973 -  7/1975        0.025    |
      |                     9/1975 -  7/1977        0.025    |
      |                                                      |
      |  r(23) = -0.158       1/1974 - 12/1975       -0.037    |
      |                     7/1975 -  6/1977       -0.027    |
      |                     6/1977 -  5/1979       -0.021    |
      |                     8/1976 -  7/1978       -0.021    |
      |                                                      |
      |  r(24) = 0.047        7/1977 -  7/1979        0.042    |
      |                     8/1974 -  8/1976        0.035    |
      |                     7/1975 -  7/1977        0.033    |
      |                     9/1973 -  9/1975        0.019    |
      |                                                      |
      |  r(25) = -0.001      12/1972 -  1/1975       -0.035    |
      |                     6/1977 -  7/1979       -0.034    |
      |                     7/1974 -  8/1976       -0.032    |
      |                     7/1977 -  8/1979       -0.020    |
      |                                                      |
      |  r(26) = -0.000       5/1977 -  7/1979       -0.027    |
      |                    12/1972 -  2/1975       -0.023    |
      |                     5/1975 -  7/1977       -0.018    |
      |                     1/1978 -  3/1980       -0.018    |
      |                                                      |
      |  r(27) = -0.047      12/1972 -  3/1975       -0.043    |
      |                     1/1974 -  4/1976       -0.034    |
      |                     4/1977 -  7/1979       -0.022    |
      |                     9/1973 - 12/1975       -0.017    |
      |                                                      |
      |  r(28) = -0.014       3/1975 -  7/1977       -0.028    |
      |                     1/1974 -  5/1976       -0.025    |
      |                     3/1977 -  7/1979       -0.023    |
      |                    12/1973 -  4/1976       -0.022    |
      |                                                      |
      |  r(29) = -0.086       2/1973 -  7/1975       -0.029    |
      |                    12/1972 -  5/1975       -0.028    |
      |                     9/1975 -  2/1978       -0.018    |
      |                     6/1973 - 11/1975       -0.017    |
      |                                                      |
      |  r(30) = -0.116      12/1972 -  6/1975       -0.027    |
      |                     6/1973 - 12/1975       -0.024    |
      |                     1/1975 -  7/1977       -0.023    |
      |                     1/1973 -  7/1975       -0.018    |
      |                                                      |
      |  r(31) = -0.128       1/1974 -  8/1976       -0.059    |
      |                     7/1975 -  2/1978       -0.025    |
      |                     2/1973 -  9/1975       -0.021    |
      |                    12/1974 -  7/1977       -0.021    |
      |                                                      |
      |  r(32) = -0.095      12/1973 -  8/1976       -0.038    |
      |                    11/1976 -  7/1979       -0.029    |
      |                     7/1977 -  3/1980       -0.022    |
      |                    10/1974 -  6/1977       -0.021    |
      |                                                      |
      |  r(33) = 0.024       12/1972 -  9/1975        0.038    |
      |                    10/1974 -  7/1977        0.026    |
      |                     6/1977 -  3/1980        0.018    |
      |                     8/1974 -  5/1977        0.018    |
      |                                                      |
      |  r(34) = -0.029       1/1974 - 11/1976       -0.033    |
      |                     3/1975 -  1/1978       -0.023    |
      |                     6/1973 -  4/1976       -0.022    |
      |                    12/1972 - 10/1975       -0.016    |
      |                                                      |
      |  r(35) = -0.213       8/1976 -  7/1979       -0.051    |
      |                     8/1974 -  7/1977       -0.028    |
      |                     9/1973 -  8/1976       -0.027    |
      |                    12/1972 - 11/1975       -0.024    |
      |                                                      |
      |  r(36) = 0.034        7/1974 -  7/1977        0.026    |
      |                     8/1976 -  8/1979        0.024    |
      |                     7/1975 -  7/1978        0.020    |
      |                     3/1977 -  3/1980        0.012    |
      |                                                      |
      |  r(37) = -0.003       4/1976 -  5/1979       -0.018    |
      |                    12/1974 -  1/1978       -0.017    |
      |                     3/1975 -  4/1978       -0.011    |
      |                     6/1975 -  7/1978       -0.010    |
      |                                                      |
      |  r(38) = -0.064       6/1973 -  8/1976       -0.038    |
      |                     1/1974 -  3/1977       -0.027    |
      |                     5/1976 -  7/1979       -0.022    |
      |                     9/1973 - 11/1976       -0.015    |
      |                                                      |
      |  r(39) = -0.031       4/1976 -  7/1979       -0.030    |
      |                     1/1974 -  4/1977       -0.026    |
      |                     8/1976 - 11/1979       -0.018    |
      |                    12/1973 -  3/1977       -0.017    |
      |                                                      |
      +------------------------------------------------------+
