
Input file             : MINNEAPOLIS_m01.inp
Output file            : MINNEAPOLIS_m01.out
Estimation method      : exact maximum likelihood
Check for invertibility: constrained search

Observations: 100.
Parameters  : 1.

**** GRADIENT STOPPING CRITERIUM SATISFIED TO WITHIN TOLERANCE LIMITS
**** CONVERGENCE OBTAINED AFTER 5 ITERATIONS [GRADIENT NORM = 0.0000]

Coefficients for regular MA factor 1:
     -0.250777  (0.098885) [ 1]
Mean parameter (mu):
      0.000000

Box-Cox lambda     :  0.0
Seasonal period    : 12
Regular differences:  1
Annual differences :  0
Irreducible factors:  0 0 0 0 0 0 0

Coefficients of the non-stationary operator: 
  u[ 1]     =    1.0000000000
Coefficients of the Autoregressive operator: 
Coefficients of the Moving-Average operator: 
  theta[ 1] =   -0.2507769509

sigma2:  24.8531185798 (   3.5324684566)
sigma :   4.9852902202
logelf: -299.5500620010

Selection Model Criterium:
Hannan-Quinn =   3.27
Schwarz   =   3.40

Standard errors: fdhess

Estimated covariance matrix:

x[ 1] ->  0.009778232


Estimated correlation matrix:

x[ 1] ->  1.00

Correlations greater than or equal to 0.7 in absolute value:


Unconditional residuals (seasonal period: 12)
99 observations: from 9/1972 to 11/1980

                  Mean:           0.428997
Standard error of mean:           0.498990
              Variance:          24.650091
    Standard deviation:           4.964886
              Skewness:           0.418381
              Kurtosis:          -0.077656
           Jarque-Bera:           2.824807
               Minimum:         -12.104902 at  8/1976 (observation  48)
               Maximum:          13.401681 at  7/1979 (observation  83)

Standardized time series plot (original values on right-side column):

                   -2       -1         0        +1       +2       
-------------+------+--------+---------+---------+--------+------+--------------
   1  9/1972 |      :        :         |        *:        :      |  5.0480543564
   2 10/1972 |      :        :     *   |         :        :      | -1.8011733536
   3 11/1972 |      :        :         |  *      :        :      |  1.7844534930
   4 12/1972 +      :        :         |         :     *  :      +  8.9791549810
   5  1/1973 |      :        :    *    |         :        :      | -2.4125368470
   6  2/1973 |      :      * :         |         :        :      | -5.8756639165
   7  3/1973 |      :        :         |    *    :        :      |  3.2600024376
   8  4/1973 |      :        :        *|         :        :      |  0.0221020239
   9  5/1973 |      :        :        *|         :        :      | -0.1729067340
  10  6/1973 |      :        :         |         :   *    :      |  7.4661221080
  11  7/1973 |      :        : *       |         :        :      | -3.6770095824
  12  8/1973 |      :        :         | *       :        :      |  1.3172105163
  13  9/1973 |      :        :      *  |         :        :      | -1.2016186777
  14 10/1973 |      :        : *       |         :        :      | -3.6748447413
  15 11/1973 |      :        :         |         : *      :      |  6.6328086678
  16 12/1973@+      :        :         |         :        :    * +@12.6623648242
  17  1/1974@|      :        :         |         :        :*     |@10.8361069287
  18  2/1974 |      :        :         |  *      :        :      |  1.7738098124
  19  3/1974 |      :        :  *      |         :        :      | -3.3584900250
  20  4/1974 |      :        :       * |         :        :      | -0.5588418187
  21  5/1974 |      :        :         |*        :        :      |  0.8431352402
  22  6/1974 |      :        :         |         :        *      | 10.0966823640
  23  7/1974 |      :        :         |         :*       :      |  6.0417814754
  24  8/1974 |      :     *  :         |         :        :      | -6.2154853119
  25  9/1974 |      :        :         *         :        :      |  0.3354436116
  26 10/1974 |      :        :         |         :      * :      |  9.3069384189
  27 11/1974 |      :        :        *|         :        :      | -0.0265259333
  28 12/1974 +      :     *  :         |         :        :      + -6.3985500566
  29  1/1975 |      :        *         |         :        :      | -4.5125861825
  30  2/1975 |      :        :  *      |         :        :      | -3.2547837402
  31  3/1975 |      :       *:         |         :        :      | -5.3678672941
  32  4/1975 |      :        :         |*        :        :      |  0.8853070845
  33  5/1975 |      :       *:         |         :        :      | -5.3756572036
  34  6/1975 |      :        :    *    |         :        :      | -2.1154587434
  35  7/1975 |      :        :         |         :  *     :      |  7.1062181633
  36  8/1975 |      :        :         |*        :        :      |  0.9498581997
  37  9/1975 |      :        :         |         :*       :      |  6.3087827937
  38 10/1975 |      :        :    *    |         :        :      | -2.3909450770
  39 11/1975 |      :        :*        |         :        :      | -3.9982804470
  40 12/1975 +      :        :*        |         :        :      + -4.1147189729
  41  1/1976 |      :        :         |    *    :        :      |  2.9817168854
  42  2/1976 |      :        :    *    |         :        :      | -2.2807947616
  43  3/1976 |      :        :         |        *:        :      |  5.2725749936
  44  4/1976 |      :      * :         |         :        :      | -5.8447500810
  45  5/1976 |      :        :      *  |         :        :      | -0.9353471281
  46  6/1976 |      :        :         |     *   :        :      |  3.5213846167
  47  7/1976 |      :        :      *  |         :        :      | -1.2954538157
  48  8/1976@| *    :        :         |         :        :      |@-12.1049017098
  49  9/1976 |      :        : *       |         :        :      | -3.9544160856
  50 10/1976 |      :        :       * |         :        :      | -0.5979524400
  51 11/1976 |      :      * :         |         :        :      | -5.5444694554
  52 12/1976 +      :        :         *         :        :      +  0.3830551380
  53  1/1977 |      :        :      *  |         :        :      | -1.2711630531
  54  2/1977 |      :        :         |  *      :        :      |  1.8049222896
  55  3/1977 |      :        :    *    |         :        :      | -2.2544834588
  56  4/1977 |      :   *    :         |         :        :      | -7.5839309374
  57  5/1977 |      :        :      *  |         :        :      | -0.8809131856
  58  6/1977@|      *        :         |         :        :      |@-9.5926911045
  59  7/1977 |      :        :         |         :  *     :      |  7.0620489407
  60  8/1977 |      :        :        *|         :        :      | -0.2048685182
  61  9/1977 |      :        :         |        *:        :      |  4.9565057890
  62 10/1977 |      :        :         |*        :        :      |  0.9946374638
  63 11/1977 |      :        :         |  *      :        :      |  1.8559087693
  64 12/1977 +      :        :   *     |         :        :      + -2.4856898742
  65  1/1978 |      :        :         |         :*       :      |  5.9226067417
  66  2/1978 |      :        *         |         :        :      | -5.0145485644
  67  3/1978 |      :        :         |         *        :      |  5.5900456732
  68  4/1978@|      :        :         |         :        :*     |@10.7136575461
  69  5/1978 |      :      * :         |         :        :      | -5.6355316760
  70  6/1978 |      :        :    *    |         :        :      | -2.0776240201
  71  7/1978 |      :        :         |   *     :        :      |  2.3930329527
  72  8/1978 |      :        :*        |         :        :      | -4.4569282230
  73  9/1978 |      :        :         *         :        :      |  0.3436971983
  74 10/1978 |      :        :         |*        :        :      |  0.8418895720
  75 11/1978 |      :        :         |        *:        :      |  5.2563526616
  76 12/1978 +      :        *         |         :        :      + -4.5777199185
  77  1/1979 |      :        :   *     |         :        :      | -2.9248006009
  78  2/1979 |      :        :         |     *   :        :      |  3.5941237680
  79  3/1979 |      :        :         |     *   :        :      |  3.4974476060
  80  4/1979 |      :        :    *    |         :        :      | -2.0509738716
  81  5/1979 |      :        :         |         :     *  :      |  8.7284357027
  82  6/1979 |      :        :         |*        :        :      |  0.8243940680
  83  7/1979@|      :        :         |         :        :     *|@13.4016809731
  84  8/1979 |      :        *         |         :        :      | -4.5771813113
  85  9/1979 |      :        :         *         :        :      |  0.6805610032
  86 10/1979 |      :        :         |*        :        :      |  0.7617386742
  87 11/1979 |      :        :         | *       :        :      |  1.2486758774
  88 12/1979 +      :        :*        |         :        :      + -4.2786732902
  89  1/1980 |      :        :      *  |         :        :      | -0.9703476813
  90  2/1980 |      :        :         |     *   :        :      |  3.4106208195
  91  3/1980 |      :        : *       |         :        :      | -3.9012258384
  92  4/1980 |      :        :  *      |         :        :      | -3.3593933097
  93  5/1980 |      :        :         |         :   *    :      |  7.7544110023
  94  6/1980 |      :        :    *    |         :        :      | -2.2998677080
  95  7/1980 |      :        :         |         :  *     :      |  7.0083614584
  96  8/1980 |      :        :    *    |         :        :      | -2.2034671373
  97  9/1980 |      :        :         *         :        :      |  0.6642482402
  98 10/1980 |      :        :         |*        :        :      |  1.0536255657
  99 11/1980 |      :        :        *|         :        :      | -0.0439606006
-------------+------+--------+---------+---------+--------+------+--------------
                   -2       -1         0        +1       +2       

                 +------------------------------------------+
                 |       Table of standardized values       |
                 |       greater than or equal to 2.0       |
                 +------------------------------------------+
                 |                                          |
                 | Observation    Date   Standardized value |
                 |                                          |
                 |     16       12/1973         2.46        |
                 |     17        1/1974         2.10        |
                 |     48        8/1976        -2.52        |
                 |     58        6/1977        -2.02        |
                 |     68        4/1978         2.07        |
                 |     83        7/1979         2.61        |
                 +------------------------------------------+

Standardized time series histogram:

       -4      -3      -2      -1       0      +1      +2      +3      +4
        +---+---+---+---+---+---+---+---+---+---+---+---+---+---+---+---+
        |                         22                                    |
        |                        ....                                   |
        |                        .... 18                                |
        |                        ........ 17                            |
        |                        ............                           |
        |                        ............                           |
        |                        ............                           |
        |                        ............                           |
        |                     11 ............ 10  10                    |
        |                    ........................                   |
        |                    ........................                   |
        |                    ........................                   |
        |                    ........................                   |
        |                    ........................  4   3            |
        |                    ................................           |
        |          1   1   1 ................................  1        |
        |        ................................................       |
        +---+---+---+---+---+---+---+---+---+---+---+---+---+---+---+---+
       -4      -3      -2      -1       0      +1      +2      +3      +4

              32 values outside (-1,+1): 32.32 % (31.74 % expected)
               6 values outside (-2,+2):  6.06 % ( 4.56 % expected)

Autocorrelation function (acf bands = +- 0.201):

            -1                         0                         1  L-B Q  DF
-------------+-------------------------+-------------------------+--------------
   1  -0.011 |                    :    |    :                    | 
   2  -0.020 |                    :    |    :                    | 
   3   0.013 |                    :    |    :                    | 
   4   0.010 |                    :    |    :                    | 
   5  -0.022 |                    :   *|    :                    | 
   6   0.128 |                    :    |*** :                    | 
   7  -0.019 |                    :    |    :                    | 
   8   0.063 |                    :    |**  :                    | 
   9  -0.009 |                    :    |    :                    | 
  10   0.032 |                    :    |*   :                    | 
  11  -0.078 |                    :  **|    :                    | 
  12  -0.005 +                    :    |    :                    +   3.18  11
  13  -0.087 |                    :  **|    :                    | 
  14   0.047 |                    :    |*   :                    | 
  15   0.044 |                    :    |*   :                    | 
  16   0.061 |                    :    |**  :                    | 
  17  -0.157 |                    :****|    :                    | 
  18   0.142 |                    :    |****:                    | 
  19   0.062 |                    :    |**  :                    | 
  20   0.088 |                    :    |**  :                    | 
  21  -0.067 |                    :  **|    :                    | 
  22   0.143 |                    :    |****:                    | 
  23  -0.202 |                    *****|    :                    | 
  24   0.034 +                    :    |+   :                    +  20.69  23
  25   0.027 |                    :    |*   :                    | 
  26  -0.073 |                    :  **|    :                    | 
  27  -0.036 |                    :   *|    :                    | 
  28   0.047 |                    :    |*   :                    | 
  29  -0.109 |                    : ***|    :                    | 
  30  -0.050 |                    :   *|    :                    | 
  31  -0.066 |                    :  **|    :                    | 
  32  -0.132 |                    : ***|    :                    | 
  33  -0.018 |                    :    |    :                    | 
  34  -0.065 |                    :  **|    :                    | 
  35  -0.201 |                    *****|    :                    | 
  36   0.060 +                    :    |+   :                    +  34.89  35
  37  -0.051 |                    :   *|    :                    | 
  38  -0.000 |                    :    |    :                    | 
  39  -0.062 |                    :  **|    :                    |  35.96  38
-------------+-------------------------+-------------------------+--------------
            -1                         0                         1  L-B Q  DF

Partial autocorrelation function (pacf bands = +- 0.201):

            -1                         0                         1
-------------+-------------------------+-------------------------+--------------
   1  -0.011 |                    :    |    :                    | 
   2  -0.020 |                    :    |    :                    | 
   3   0.012 |                    :    |    :                    | 
   4   0.010 |                    :    |    :                    | 
   5  -0.021 |                    :   *|    :                    | 
   6   0.128 |                    :    |*** :                    | 
   7  -0.018 |                    :    |    :                    | 
   8   0.069 |                    :    |**  :                    | 
   9  -0.012 |                    :    |    :                    | 
  10   0.033 |                    :    |*   :                    | 
  11  -0.076 |                    :  **|    :                    | 
  12  -0.022 +                    :   +|    :                    + 
  13  -0.088 |                    :  **|    :                    | 
  14   0.031 |                    :    |*   :                    | 
  15   0.048 |                    :    |*   :                    | 
  16   0.054 |                    :    |*   :                    | 
  17  -0.138 |                    : ***|    :                    | 
  18   0.146 |                    :    |****:                    | 
  19   0.086 |                    :    |**  :                    | 
  20   0.099 |                    :    |**  :                    | 
  21  -0.072 |                    :  **|    :                    | 
  22   0.133 |                    :    |*** :                    | 
  23  -0.203 |                    *****|    :                    | 
  24   0.006 +                    :    |    :                    + 
  25  -0.005 |                    :    |    :                    | 
  26  -0.109 |                    : ***|    :                    | 
  27  -0.012 |                    :    |    :                    | 
  28  -0.012 |                    :    |    :                    | 
  29  -0.047 |                    :   *|    :                    | 
  30  -0.095 |                    :  **|    :                    | 
  31   0.009 |                    :    |    :                    | 
  32  -0.134 |                    : ***|    :                    | 
  33   0.033 |                    :    |*   :                    | 
  34  -0.178 |                    :****|    :                    | 
  35  -0.151 |                    :****|    :                    | 
  36   0.020 +                    :    |+   :                    + 
  37  -0.051 |                    :   *|    :                    | 
  38  -0.020 |                    :   *|    :                    | 
  39  -0.025 |                    :   *|    :                    | 
-------------+-------------------------+-------------------------+--------------
            -1                         0                         1

      +------------------------------------------------------+
      |         Calibration of distortions of the ACF        |
      |                                                      |
      +------------------------------------------------------+
      |                                                      |
      |     Lag                 Dates          Contribution  |
      |                                                      |
      |  r(1) = -0.011       6/1977 -  7/1977       -0.027    |
      |                     7/1979 -  8/1979       -0.027    |
      |                     4/1978 -  5/1978       -0.026    |
      |                     7/1974 -  8/1974       -0.015    |
      |                                                      |
      |  r(2) = -0.020       6/1974 -  8/1974       -0.026    |
      |                    10/1974 - 12/1974       -0.025    |
      |                     8/1974 - 10/1974       -0.024    |
      |                     2/1978 -  4/1978       -0.023    |
      |                                                      |
      |  r(3) = 0.013        8/1976 - 11/1976        0.031    |
      |                     1/1978 -  4/1978        0.023    |
      |                     7/1974 - 10/1974        0.020    |
      |                    12/1974 -  3/1975        0.016    |
      |                                                      |
      |  r(4) = 0.010        6/1974 - 10/1974        0.035    |
      |                     4/1976 -  8/1976        0.032    |
      |                     8/1974 - 12/1974        0.019    |
      |                     3/1979 -  7/1979        0.016    |
      |                                                      |
      |  r(5) = -0.022       7/1979 - 12/1979       -0.025    |
      |                     3/1976 -  8/1976       -0.025    |
      |                    10/1974 -  3/1975       -0.021    |
      |                     7/1973 - 12/1973       -0.021    |
      |                                                      |
      |  r(6) = 0.128       12/1973 -  6/1974        0.048    |
      |                     6/1973 - 12/1973        0.035    |
      |                    12/1972 -  6/1973        0.025    |
      |                     1/1974 -  7/1974        0.024    |
      |                                                      |
      |  r(7) = -0.019       1/1974 -  8/1974       -0.028    |
      |                    12/1978 -  7/1979       -0.027    |
      |                     6/1977 -  1/1978       -0.023    |
      |                    10/1974 -  5/1975       -0.021    |
      |                                                      |
      |  r(8) = 0.063        8/1976 -  4/1977        0.041    |
      |                    11/1978 -  7/1979        0.026    |
      |                    12/1975 -  8/1976        0.023    |
      |                     6/1977 -  2/1978        0.022    |
      |                                                      |
      |  r(9) = -0.009       6/1974 -  3/1975       -0.023    |
      |                     6/1977 -  3/1978       -0.021    |
      |                     7/1979 -  4/1980       -0.020    |
      |                     4/1977 -  1/1978       -0.018    |
      |                                                      |
      |  r(10) = 0.032        8/1976 -  6/1977        0.051    |
      |                    12/1973 - 10/1974        0.045    |
      |                     7/1979 -  5/1980        0.039    |
      |                     4/1977 -  2/1978        0.018    |
      |                                                      |
      |  r(11) = -0.078       8/1976 -  7/1977       -0.034    |
      |                     9/1975 -  8/1976       -0.030    |
      |                     1/1974 - 12/1974       -0.029    |
      |                     2/1973 -  1/1974       -0.027    |
      |                                                      |
      |  r(12) = -0.005      12/1973 - 12/1974       -0.034    |
      |                     4/1977 -  4/1978       -0.034    |
      |                     1/1974 -  1/1975       -0.021    |
      |                     5/1978 -  5/1979       -0.021    |
      |                                                      |
      |  r(13) = -0.087       7/1975 -  8/1976       -0.034    |
      |                    12/1973 -  1/1975       -0.025    |
      |                     8/1976 -  9/1977       -0.023    |
      |                    11/1973 - 12/1974       -0.017    |
      |                                                      |
      |  r(14) = 0.047        4/1976 -  6/1977        0.026    |
      |                     5/1979 -  7/1980        0.022    |
      |                     6/1977 -  8/1978        0.020    |
      |                     3/1978 -  5/1979        0.018    |
      |                                                      |
      |  r(15) = 0.044        4/1978 -  7/1979        0.055    |
      |                     5/1975 -  8/1976        0.030    |
      |                     6/1974 -  9/1975        0.023    |
      |                     9/1972 - 12/1973        0.023    |
      |                                                      |
      |  r(16) = 0.061        3/1978 -  7/1979        0.027    |
      |                     6/1973 - 10/1974        0.026    |
      |                     9/1972 -  1/1974        0.020    |
      |                     1/1978 -  5/1979        0.019    |
      |                                                      |
      |  r(17) = -0.157      12/1973 -  5/1975       -0.029    |
      |                     2/1978 -  7/1979       -0.029    |
      |                     8/1976 -  1/1978       -0.028    |
      |                    11/1976 -  4/1978       -0.025    |
      |                                                      |
      |  r(18) = 0.142       12/1972 -  6/1974        0.034    |
      |                     1/1978 -  7/1979        0.029    |
      |                     1/1974 -  7/1975        0.028    |
      |                     8/1976 -  2/1978        0.028    |
      |                                                      |
      |  r(19) = 0.062       12/1973 -  7/1975        0.033    |
      |                     1/1975 -  8/1976        0.025    |
      |                    12/1972 -  7/1974        0.020    |
      |                    11/1975 -  6/1977        0.018    |
      |                                                      |
      |  r(20) = 0.088       12/1974 -  8/1976        0.035    |
      |                     1/1974 -  9/1975        0.025    |
      |                     8/1974 -  4/1976        0.017    |
      |                    11/1973 -  7/1975        0.017    |
      |                                                      |
      |  r(21) = -0.067       9/1975 -  6/1977       -0.024    |
      |                     7/1975 -  4/1977       -0.022    |
      |                     6/1973 -  3/1975       -0.017    |
      |                     8/1978 -  5/1980       -0.015    |
      |                                                      |
      |  r(22) = 0.143       12/1972 - 10/1974        0.031    |
      |                     9/1977 -  7/1979        0.024    |
      |                     7/1977 -  5/1979        0.023    |
      |                     2/1973 - 12/1974        0.018    |
      |                                                      |
      |  r(23) = -0.202       6/1977 -  5/1979       -0.034    |
      |                     7/1975 -  6/1977       -0.027    |
      |                    12/1973 - 11/1975       -0.022    |
      |                     1/1974 - 12/1975       -0.019    |
      |                                                      |
      |  r(24) = 0.034        7/1977 -  7/1979        0.035    |
      |                     8/1974 -  8/1976        0.034    |
      |                     8/1976 -  8/1978        0.025    |
      |                     7/1975 -  7/1977        0.018    |
      |                                                      |
      |  r(25) = 0.027        4/1978 -  5/1980        0.031    |
      |                     5/1975 -  6/1977        0.024    |
      |                     3/1976 -  4/1978        0.020    |
      |                     6/1973 -  7/1975        0.019    |
      |                                                      |
      |  r(26) = -0.073       6/1974 -  8/1976       -0.050    |
      |                     5/1978 -  7/1980       -0.016    |
      |                     5/1975 -  7/1977       -0.016    |
      |                    12/1973 -  2/1976       -0.014    |
      |                                                      |
      |  r(27) = -0.036       4/1977 -  7/1979       -0.043    |
      |                     1/1974 -  4/1976       -0.027    |
      |                     8/1976 - 11/1978       -0.025    |
      |                    12/1972 -  3/1975       -0.020    |
      |                                                      |
      |  r(28) = 0.047        8/1976 - 12/1978        0.026    |
      |                    12/1974 -  4/1977        0.022    |
      |                     1/1978 -  5/1980        0.016    |
      |                     4/1977 -  8/1979        0.016    |
      |                                                      |
      |  r(29) = -0.109       6/1974 - 11/1976       -0.024    |
      |                    12/1972 -  5/1975       -0.020    |
      |                    11/1975 -  4/1978       -0.019    |
      |                     2/1973 -  7/1975       -0.017    |
      |                                                      |
      |  r(30) = -0.050      10/1974 -  4/1977       -0.029    |
      |                    11/1976 -  5/1979       -0.020    |
      |                     8/1976 -  2/1979       -0.016    |
      |                     1/1975 -  7/1977       -0.013    |
      |                                                      |
      |  r(31) = -0.066       1/1974 -  8/1976       -0.053    |
      |                    12/1974 -  7/1977       -0.019    |
      |                     8/1976 -  3/1979       -0.016    |
      |                     2/1973 -  9/1975       -0.015    |
      |                                                      |
      |  r(32) = -0.132      12/1973 -  8/1976       -0.063    |
      |                    10/1974 -  6/1977       -0.036    |
      |                    11/1976 -  7/1979       -0.032    |
      |                     1/1974 -  9/1976       -0.019    |
      |                                                      |
      |  r(33) = -0.018       8/1976 -  5/1979       -0.043    |
      |                    11/1973 -  8/1976       -0.032    |
      |                    12/1973 -  9/1976       -0.022    |
      |                     7/1974 -  4/1977       -0.018    |
      |                                                      |
      |  r(34) = -0.065       6/1974 -  4/1977       -0.032    |
      |                     1/1974 - 11/1976       -0.025    |
      |                     9/1976 -  7/1979       -0.023    |
      |                     6/1973 -  4/1976       -0.018    |
      |                                                      |
      |  r(35) = -0.201       8/1976 -  7/1979       -0.067    |
      |                     6/1977 -  5/1980       -0.030    |
      |                    12/1973 - 11/1976       -0.030    |
      |                     5/1975 -  4/1978       -0.024    |
      |                                                      |
      |  r(36) = 0.060        8/1976 -  8/1979        0.026    |
      |                     7/1977 -  7/1980        0.018    |
      |                     7/1974 -  7/1977        0.015    |
      |                     5/1975 -  5/1978        0.014    |
      |                                                      |
      |  r(37) = -0.051       6/1977 -  7/1980       -0.027    |
      |                     3/1975 -  4/1978       -0.024    |
      |                     4/1977 -  5/1980       -0.024    |
      |                     4/1976 -  5/1979       -0.021    |
      |                                                      |
      |  r(38) = -0.000       6/1973 -  8/1976       -0.036    |
      |                     2/1975 -  4/1978       -0.016    |
      |                     1/1974 -  3/1977       -0.011    |
      |                    10/1974 - 12/1977       -0.011    |
      |                                                      |
      |  r(39) = -0.062       1/1974 -  4/1977       -0.034    |
      |                     4/1976 -  7/1979       -0.033    |
      |                     4/1977 -  7/1980       -0.022    |
      |                     1/1975 -  4/1978       -0.021    |
      |                                                      |
      +------------------------------------------------------+
